PING 10.205.0.2 (10.205.0.2) 56(84) bytes of data.
64 bytes from 10.205.0.2: icmp_seq=1 ttl=64 time=10.0 ms
64 bytes from 10.205.0.2: icmp_seq=2 ttl=64 time=10.0 ms
64 bytes from 10.205.0.2: icmp_seq=3 ttl=64 time=10.0 ms
64 bytes from 10.205.0.2: icmp_seq=4 ttl=64 time=10.0 ms
64 bytes from 10.205.0.2: icmp_seq=5 ttl=64 time=10.0 ms

--- 10.205.0.2 ping statistics ---
5 packets transmitted, 5 received, 0% packet loss, time 4004ms
rtt min/avg/max/mdev = 10.010/10.019/10.032/0.008 ms
{
	"start":	{
		"connected":	[{
				"socket":	5,
				"local_host":	"10.205.0.1",
				"local_port":	39118,
				"remote_host":	"10.205.0.2",
				"remote_port":	5201
			}, {
				"socket":	7,
				"local_host":	"10.205.0.1",
				"local_port":	39126,
				"remote_host":	"10.205.0.2",
				"remote_port":	5201
			}, {
				"socket":	9,
				"local_host":	"10.205.0.1",
				"local_port":	39138,
				"remote_host":	"10.205.0.2",
				"remote_port":	5201
			}, {
				"socket":	11,
				"local_host":	"10.205.0.1",
				"local_port":	39144,
				"remote_host":	"10.205.0.2",
				"remote_port":	5201
			}],
		"version":	"iperf 3.16",
		"system_info":	"Linux iZmj7i97rxofcdy61gtorrZ 6.8.0-111-generic #111-Ubuntu SMP PREEMPT_DYNAMIC Sat Apr 11 23:16:02 UTC 2026 x86_64",
		"timestamp":	{
			"time":	"Sat, 05 Sep 2026 06:52:23 GMT",
			"timesecs":	1788591143
		},
		"connecting_to":	{
			"host":	"10.205.0.2",
			"port":	5201
		},
		"cookie":	"rqqmkfn2nxqms6yyoocxbfkr7mvsmueruhni",
		"tcp_mss_default":	1448,
		"target_bitrate":	0,
		"fq_rate":	0,
		"sock_bufsize":	0,
		"sndbuf_actual":	16384,
		"rcvbuf_actual":	131072,
		"test_start":	{
			"protocol":	"TCP",
			"num_streams":	4,
			"blksize":	131072,
			"omit":	0,
			"duration":	5,
			"bytes":	0,
			"blocks":	0,
			"reverse":	0,
			"tos":	0,
			"target_bitrate":	0,
			"bidir":	0,
			"fqrate":	0
		}
	},
	"intervals":	[{
			"streams":	[{
					"socket":	5,
					"start":	0,
					"end":	1.000855,
					"seconds":	1.0008549690246582,
					"bytes":	280494080,
					"bits_per_second":	2242035768.8654442,
					"retransmits":	0,
					"snd_cwnd":	7347152,
					"snd_wnd":	4669056,
					"rtt":	11792,
					"rttvar":	301,
					"pmtu":	1500,
					"omitted":	false,
					"sender":	true
				}, {
					"socket":	7,
					"start":	0,
					"end":	1.000858,
					"seconds":	1.000857949256897,
					"bytes":	269877248,
					"bits_per_second":	2157167243.9660368,
					"retransmits":	0,
					"snd_cwnd":	8273872,
					"snd_wnd":	4669056,
					"rtt":	11871,
					"rttvar":	301,
					"pmtu":	1500,
					"omitted":	false,
					"sender":	true
				}, {
					"socket":	9,
					"start":	0,
					"end":	1.00086,
					"seconds":	1.0008599758148193,
					"bytes":	297533440,
					"bits_per_second":	2378222306.3342886,
					"retransmits":	0,
					"snd_cwnd":	8272424,
					"snd_wnd":	4669056,
					"rtt":	11415,
					"rttvar":	232,
					"pmtu":	1500,
					"omitted":	false,
					"sender":	true
				}, {
					"socket":	11,
					"start":	0,
					"end":	1.000871,
					"seconds":	1.000870943069458,
					"bytes":	270663680,
					"bits_per_second":	2163425219.7985258,
					"retransmits":	0,
					"snd_cwnd":	8273872,
					"snd_wnd":	4669056,
					"rtt":	11847,
					"rttvar":	298,
					"pmtu":	1500,
					"omitted":	false,
					"sender":	true
				}],
			"sum":	{
				"start":	0,
				"end":	1.000855,
				"seconds":	1.0008549690246582,
				"bytes":	1118568448,
				"bits_per_second":	8940903388.55033,
				"retransmits":	0,
				"omitted":	false,
				"sender":	true
			}
		}, {
			"streams":	[{
					"socket":	5,
					"start":	1.000855,
					"end":	2.000759,
					"seconds":	0.999903976917267,
					"bytes":	299106304,
					"bits_per_second":	2393080222.9402347,
					"retransmits":	0,
					"snd_cwnd":	7347152,
					"snd_wnd":	4669056,
					"rtt":	11221,
					"rttvar":	192,
					"pmtu":	1500,
					"omitted":	false,
					"sender":	true
				}, {
					"socket":	7,
					"start":	1.000858,
					"end":	2.000763,
					"seconds":	0.999904990196228,
					"bytes":	294649856,
					"bits_per_second":	2357422826.2801323,
					"retransmits":	0,
					"snd_cwnd":	8273872,
					"snd_wnd":	4669056,
					"rtt":	11810,
					"rttvar":	301,
					"pmtu":	1500,
					"omitted":	false,
					"sender":	true
				}, {
					"socket":	9,
					"start":	1.00086,
					"end":	2.000764,
					"seconds":	0.999903976917267,
					"bytes":	315228160,
					"bits_per_second":	2522067456.6920524,
					"retransmits":	0,
					"snd_cwnd":	8272424,
					"snd_wnd":	4669056,
					"rtt":	11743,
					"rttvar":	282,
					"pmtu":	1500,
					"omitted":	false,
					"sender":	true
				}, {
					"socket":	11,
					"start":	1.000871,
					"end":	2.000765,
					"seconds":	0.99989402294158936,
					"bytes":	285999104,
					"bits_per_second":	2288235332.4494843,
					"retransmits":	0,
					"snd_cwnd":	8273872,
					"snd_wnd":	4669056,
					"rtt":	11948,
					"rttvar":	286,
					"pmtu":	1500,
					"omitted":	false,
					"sender":	true
				}],
			"sum":	{
				"start":	1.000855,
				"end":	2.000759,
				"seconds":	0.999903976917267,
				"bytes":	1194983424,
				"bits_per_second":	9560785448.0920753,
				"retransmits":	0,
				"omitted":	false,
				"sender":	true
			}
		}, {
			"streams":	[{
					"socket":	5,
					"start":	2.000759,
					"end":	3.000833,
					"seconds":	1.000074028968811,
					"bytes":	299368448,
					"bits_per_second":	2394770301.6240315,
					"retransmits":	0,
					"snd_cwnd":	7347152,
					"snd_wnd":	4669056,
					"rtt":	11457,
					"rttvar":	335,
					"pmtu":	1500,
					"omitted":	false,
					"sender":	true
				}, {
					"socket":	7,
					"start":	2.000763,
					"end":	3.000834,
					"seconds":	1.0000710487365723,
					"bytes":	293994496,
					"bits_per_second":	2351788876.3716493,
					"retransmits":	0,
					"snd_cwnd":	8273872,
					"snd_wnd":	4669056,
					"rtt":	11973,
					"rttvar":	287,
					"pmtu":	1500,
					"omitted":	false,
					"sender":	true
				}, {
					"socket":	9,
					"start":	2.000764,
					"end":	3.000835,
					"seconds":	1.0000710487365723,
					"bytes":	315359232,
					"bits_per_second":	2522694621.7343683,
					"retransmits":	0,
					"snd_cwnd":	8272424,
					"snd_wnd":	4669056,
					"rtt":	11672,
					"rttvar":	276,
					"pmtu":	1500,
					"omitted":	false,
					"sender":	true
				}, {
					"socket":	11,
					"start":	2.000765,
					"end":	3.000836,
					"seconds":	1.0000710487365723,
					"bytes":	286785536,
					"bits_per_second":	2294121293.5805473,
					"retransmits":	0,
					"snd_cwnd":	8273872,
					"snd_wnd":	4669056,
					"rtt":	11921,
					"rttvar":	300,
					"pmtu":	1500,
					"omitted":	false,
					"sender":	true
				}],
			"sum":	{
				"start":	2.000759,
				"end":	3.000833,
				"seconds":	1.000074028968811,
				"bytes":	1195507712,
				"bits_per_second":	9563353730.784935,
				"retransmits":	0,
				"omitted":	false,
				"sender":	true
			}
		}, {
			"streams":	[{
					"socket":	5,
					"start":	3.000833,
					"end":	4.000754,
					"seconds":	0.99992102384567261,
					"bytes":	298450944,
					"bits_per_second":	2387796130.9557409,
					"retransmits":	0,
					"snd_cwnd":	7347152,
					"snd_wnd":	4669056,
					"rtt":	11844,
					"rttvar":	290,
					"pmtu":	1500,
					"omitted":	false,
					"sender":	true
				}, {
					"socket":	7,
					"start":	3.000834,
					"end":	4.000755,
					"seconds":	0.99992102384567261,
					"bytes":	291766272,
					"bits_per_second":	2334314531.1846633,
					"retransmits":	0,
					"snd_cwnd":	8273872,
					"snd_wnd":	4669056,
					"rtt":	11976,
					"rttvar":	298,
					"pmtu":	1500,
					"omitted":	false,
					"sender":	true
				}, {
					"socket":	9,
					"start":	3.000835,
					"end":	4.000756,
					"seconds":	0.99992102384567261,
					"bytes":	316145664,
					"bits_per_second":	2529365071.52624,
					"retransmits":	0,
					"snd_cwnd":	8272424,
					"snd_wnd":	4669056,
					"rtt":	11374,
					"rttvar":	313,
					"pmtu":	1500,
					"omitted":	false,
					"sender":	true
				}, {
					"socket":	11,
					"start":	3.000836,
					"end":	4.000761,
					"seconds":	0.99992501735687256,
					"bytes":	289538048,
					"bits_per_second":	2316478079.649159,
					"retransmits":	0,
					"snd_cwnd":	8273872,
					"snd_wnd":	4669056,
					"rtt":	11902,
					"rttvar":	288,
					"pmtu":	1500,
					"omitted":	false,
					"sender":	true
				}],
			"sum":	{
				"start":	3.000833,
				"end":	4.000754,
				"seconds":	0.99992102384567261,
				"bytes":	1195900928,
				"bits_per_second":	9567963064.9276142,
				"retransmits":	0,
				"omitted":	false,
				"sender":	true
			}
		}, {
			"streams":	[{
					"socket":	5,
					"start":	4.000754,
					"end":	5.001316,
					"seconds":	1.0005619525909424,
					"bytes":	297664512,
					"bits_per_second":	2379978660.8251619,
					"retransmits":	0,
					"snd_cwnd":	7347152,
					"snd_wnd":	4669056,
					"rtt":	11803,
					"rttvar":	303,
					"pmtu":	1500,
					"omitted":	false,
					"sender":	true
				}, {
					"socket":	7,
					"start":	4.000755,
					"end":	5.001318,
					"seconds":	1.0005630254745483,
					"bytes":	294780928,
					"bits_per_second":	2356920417.7633162,
					"retransmits":	0,
					"snd_cwnd":	8273872,
					"snd_wnd":	4669056,
					"rtt":	11796,
					"rttvar":	299,
					"pmtu":	1500,
					"omitted":	false,
					"sender":	true
				}, {
					"socket":	9,
					"start":	4.000756,
					"end":	5.001318,
					"seconds":	1.0005619525909424,
					"bytes":	316014592,
					"bits_per_second":	2526696852.1574039,
					"retransmits":	0,
					"snd_cwnd":	8272424,
					"snd_wnd":	4669056,
					"rtt":	11100,
					"rttvar":	215,
					"pmtu":	1500,
					"omitted":	false,
					"sender":	true
				}, {
					"socket":	11,
					"start":	4.000761,
					"end":	5.001319,
					"seconds":	1.0005580186843872,
					"bytes":	287047680,
					"bits_per_second":	2295100730.9096017,
					"retransmits":	0,
					"snd_cwnd":	8273872,
					"snd_wnd":	4669056,
					"rtt":	11873,
					"rttvar":	302,
					"pmtu":	1500,
					"omitted":	false,
					"sender":	true
				}],
			"sum":	{
				"start":	4.000754,
				"end":	5.001316,
				"seconds":	1.0005619525909424,
				"bytes":	1195507712,
				"bits_per_second":	9558690165.2955971,
				"retransmits":	0,
				"omitted":	false,
				"sender":	true
			}
		}],
	"end":	{
		"streams":	[{
				"sender":	{
					"socket":	5,
					"start":	0,
					"end":	5.001316,
					"seconds":	5.001316,
					"bytes":	1475084288,
					"bits_per_second":	2359513836.7581654,
					"retransmits":	0,
					"max_snd_cwnd":	7347152,
					"max_snd_wnd":	4669056,
					"max_rtt":	11844,
					"min_rtt":	11221,
					"mean_rtt":	11623,
					"sender":	true
				},
				"receiver":	{
					"socket":	5,
					"start":	0,
					"end":	5.012369,
					"seconds":	5.001316,
					"bytes":	1475084288,
					"bits_per_second":	2354310766.8250284,
					"sender":	true
				}
			}, {
				"sender":	{
					"socket":	7,
					"start":	0,
					"end":	5.001316,
					"seconds":	5.001316,
					"bytes":	1445068800,
					"bits_per_second":	2311501692.754467,
					"retransmits":	0,
					"max_snd_cwnd":	8273872,
					"max_snd_wnd":	4669056,
					"max_rtt":	11976,
					"min_rtt":	11796,
					"mean_rtt":	11885,
					"sender":	true
				},
				"receiver":	{
					"socket":	7,
					"start":	0,
					"end":	5.012369,
					"seconds":	5.001316,
					"bytes":	1445068800,
					"bits_per_second":	2306404496.5564189,
					"sender":	true
				}
			}, {
				"sender":	{
					"socket":	9,
					"start":	0,
					"end":	5.001316,
					"seconds":	5.001316,
					"bytes":	1560281088,
					"bits_per_second":	2495792848.1223741,
					"retransmits":	0,
					"max_snd_cwnd":	8272424,
					"max_snd_wnd":	4669056,
					"max_rtt":	11743,
					"min_rtt":	11100,
					"mean_rtt":	11460,
					"sender":	true
				},
				"receiver":	{
					"socket":	9,
					"start":	0,
					"end":	5.012369,
					"seconds":	5.001316,
					"bytes":	1560281088,
					"bits_per_second":	2490289263.220645,
					"sender":	true
				}
			}, {
				"sender":	{
					"socket":	11,
					"start":	0,
					"end":	5.001316,
					"seconds":	5.001316,
					"bytes":	1420034048,
					"bits_per_second":	2271456629.4151378,
					"retransmits":	0,
					"max_snd_cwnd":	8273872,
					"max_snd_wnd":	4669056,
					"max_rtt":	11948,
					"min_rtt":	11847,
					"mean_rtt":	11898,
					"sender":	true
				},
				"receiver":	{
					"socket":	11,
					"start":	0,
					"end":	5.012369,
					"seconds":	5.001316,
					"bytes":	1420034048,
					"bits_per_second":	2266447738.3847837,
					"sender":	true
				}
			}],
		"sum_sent":	{
			"start":	0,
			"end":	5.001316,
			"seconds":	5.001316,
			"bytes":	5900468224,
			"bits_per_second":	9438265007.0501442,
			"retransmits":	0,
			"sender":	true
		},
		"sum_received":	{
			"start":	0,
			"end":	5.012369,
			"seconds":	5.012369,
			"bytes":	5900468224,
			"bits_per_second":	9417452264.9868755,
			"sender":	true
		},
		"cpu_utilization_percent":	{
			"host_total":	18.0110389208491,
			"host_user":	0.28992837434722257,
			"host_system":	17.721130257452611,
			"remote_total":	15.88715928078007,
			"remote_user":	0.85793660689792772,
			"remote_system":	15.029242624504352
		},
		"sender_tcp_congestion":	"cubic",
		"receiver_tcp_congestion":	"cubic"
	}
}
