PING 10.205.0.2 (10.205.0.2) 56(84) bytes of data.
64 bytes from 10.205.0.2: icmp_seq=1 ttl=64 time=10.0 ms
64 bytes from 10.205.0.2: icmp_seq=2 ttl=64 time=10.0 ms
64 bytes from 10.205.0.2: icmp_seq=3 ttl=64 time=10.0 ms
64 bytes from 10.205.0.2: icmp_seq=4 ttl=64 time=10.0 ms
64 bytes from 10.205.0.2: icmp_seq=5 ttl=64 time=10.0 ms

--- 10.205.0.2 ping statistics ---
5 packets transmitted, 5 received, 0% packet loss, time 4004ms
rtt min/avg/max/mdev = 10.009/10.013/10.023/0.005 ms
{
	"start":	{
		"connected":	[{
				"socket":	5,
				"local_host":	"10.205.0.1",
				"local_port":	53602,
				"remote_host":	"10.205.0.2",
				"remote_port":	5201
			}, {
				"socket":	7,
				"local_host":	"10.205.0.1",
				"local_port":	53608,
				"remote_host":	"10.205.0.2",
				"remote_port":	5201
			}, {
				"socket":	9,
				"local_host":	"10.205.0.1",
				"local_port":	53610,
				"remote_host":	"10.205.0.2",
				"remote_port":	5201
			}, {
				"socket":	11,
				"local_host":	"10.205.0.1",
				"local_port":	53620,
				"remote_host":	"10.205.0.2",
				"remote_port":	5201
			}],
		"version":	"iperf 3.16",
		"system_info":	"Linux iZmj7i97rxofcdy61gtorrZ 6.8.0-111-generic #111-Ubuntu SMP PREEMPT_DYNAMIC Sat Apr 11 23:16:02 UTC 2026 x86_64",
		"timestamp":	{
			"time":	"Sat, 05 Sep 2026 08:01:06 GMT",
			"timesecs":	1788595266
		},
		"connecting_to":	{
			"host":	"10.205.0.2",
			"port":	5201
		},
		"cookie":	"voqnzjbdg6khftypgg2skbw37wzbqrjlv5ox",
		"tcp_mss_default":	1448,
		"target_bitrate":	0,
		"fq_rate":	0,
		"sock_bufsize":	0,
		"sndbuf_actual":	16384,
		"rcvbuf_actual":	131072,
		"test_start":	{
			"protocol":	"TCP",
			"num_streams":	4,
			"blksize":	131072,
			"omit":	0,
			"duration":	5,
			"bytes":	0,
			"blocks":	0,
			"reverse":	0,
			"tos":	0,
			"target_bitrate":	0,
			"bidir":	0,
			"fqrate":	0
		}
	},
	"intervals":	[{
			"streams":	[{
					"socket":	5,
					"start":	0,
					"end":	1.000995,
					"seconds":	1.0009950399398804,
					"bytes":	268959744,
					"bits_per_second":	2149539074.7682719,
					"retransmits":	0,
					"snd_cwnd":	8339032,
					"snd_wnd":	4669056,
					"rtt":	11960,
					"rttvar":	305,
					"pmtu":	1500,
					"omitted":	false,
					"sender":	true
				}, {
					"socket":	7,
					"start":	0,
					"end":	1.000998,
					"seconds":	1.0009980201721191,
					"bytes":	280625152,
					"bits_per_second":	2242762893.3911152,
					"retransmits":	0,
					"snd_cwnd":	6827320,
					"snd_wnd":	4669056,
					"rtt":	11648,
					"rttvar":	289,
					"pmtu":	1500,
					"omitted":	false,
					"sender":	true
				}, {
					"socket":	9,
					"start":	0,
					"end":	1.001,
					"seconds":	1.0010000467300415,
					"bytes":	295436288,
					"bits_per_second":	2361129064.599741,
					"retransmits":	0,
					"snd_cwnd":	8272424,
					"snd_wnd":	4669056,
					"rtt":	11595,
					"rttvar":	279,
					"pmtu":	1500,
					"omitted":	false,
					"sender":	true
				}, {
					"socket":	11,
					"start":	0,
					"end":	1.001012,
					"seconds":	1.0010119676589966,
					"bytes":	274071552,
					"bits_per_second":	2190355846.7214236,
					"retransmits":	0,
					"snd_cwnd":	8272424,
					"snd_wnd":	4669056,
					"rtt":	11854,
					"rttvar":	297,
					"pmtu":	1500,
					"omitted":	false,
					"sender":	true
				}],
			"sum":	{
				"start":	0,
				"end":	1.000995,
				"seconds":	1.0009950399398804,
				"bytes":	1119092736,
				"bits_per_second":	8943842407.5884533,
				"retransmits":	0,
				"omitted":	false,
				"sender":	true
			}
		}, {
			"streams":	[{
					"socket":	5,
					"start":	1.000995,
					"end":	2.000474,
					"seconds":	0.99947899580001831,
					"bytes":	285081600,
					"bits_per_second":	2281841649.0828652,
					"retransmits":	0,
					"snd_cwnd":	8339032,
					"snd_wnd":	4669056,
					"rtt":	11805,
					"rttvar":	308,
					"pmtu":	1500,
					"omitted":	false,
					"sender":	true
				}, {
					"socket":	7,
					"start":	1.000998,
					"end":	2.000477,
					"seconds":	0.99947899580001831,
					"bytes":	297140224,
					"bits_per_second":	2378360928.0325775,
					"retransmits":	0,
					"snd_cwnd":	6827320,
					"snd_wnd":	4669056,
					"rtt":	11708,
					"rttvar":	306,
					"pmtu":	1500,
					"omitted":	false,
					"sender":	true
				}, {
					"socket":	9,
					"start":	1.001,
					"end":	2.000478,
					"seconds":	0.999477982521057,
					"bytes":	316669952,
					"bits_per_second":	2534682764.7067523,
					"retransmits":	0,
					"snd_cwnd":	8272424,
					"snd_wnd":	4669056,
					"rtt":	11347,
					"rttvar":	240,
					"pmtu":	1500,
					"omitted":	false,
					"sender":	true
				}, {
					"socket":	11,
					"start":	1.001012,
					"end":	2.000479,
					"seconds":	0.99946701526641846,
					"bytes":	296091648,
					"bits_per_second":	2369996355.8763261,
					"retransmits":	0,
					"snd_cwnd":	8272424,
					"snd_wnd":	4669056,
					"rtt":	11779,
					"rttvar":	298,
					"pmtu":	1500,
					"omitted":	false,
					"sender":	true
				}],
			"sum":	{
				"start":	1.000995,
				"end":	2.000474,
				"seconds":	0.99947899580001831,
				"bytes":	1194983424,
				"bits_per_second":	9564850719.3970032,
				"retransmits":	0,
				"omitted":	false,
				"sender":	true
			}
		}, {
			"streams":	[{
					"socket":	5,
					"start":	2.000474,
					"end":	3.000994,
					"seconds":	1.0005199909210205,
					"bytes":	285212672,
					"bits_per_second":	2280515528.6298661,
					"retransmits":	0,
					"snd_cwnd":	8339032,
					"snd_wnd":	4669056,
					"rtt":	11837,
					"rttvar":	334,
					"pmtu":	1500,
					"omitted":	false,
					"sender":	true
				}, {
					"socket":	7,
					"start":	2.000477,
					"end":	3.000997,
					"seconds":	1.0005199909210205,
					"bytes":	298450944,
					"bits_per_second":	2386366663.0010133,
					"retransmits":	0,
					"snd_cwnd":	6827320,
					"snd_wnd":	4669056,
					"rtt":	11868,
					"rttvar":	305,
					"pmtu":	1500,
					"omitted":	false,
					"sender":	true
				}, {
					"socket":	9,
					"start":	2.000478,
					"end":	3.000998,
					"seconds":	1.0005199909210205,
					"bytes":	314966016,
					"bits_per_second":	2518418573.2066031,
					"retransmits":	0,
					"snd_cwnd":	8272424,
					"snd_wnd":	4669056,
					"rtt":	11639,
					"rttvar":	278,
					"pmtu":	1500,
					"omitted":	false,
					"sender":	true
				}, {
					"socket":	11,
					"start":	2.000479,
					"end":	3.000999,
					"seconds":	1.0005199909210205,
					"bytes":	297140224,
					"bits_per_second":	2375886352.6672363,
					"retransmits":	0,
					"snd_cwnd":	8272424,
					"snd_wnd":	4669056,
					"rtt":	11677,
					"rttvar":	293,
					"pmtu":	1500,
					"omitted":	false,
					"sender":	true
				}],
			"sum":	{
				"start":	2.000474,
				"end":	3.000994,
				"seconds":	1.0005199909210205,
				"bytes":	1195769856,
				"bits_per_second":	9561187117.50472,
				"retransmits":	0,
				"omitted":	false,
				"sender":	true
			}
		}, {
			"streams":	[{
					"socket":	5,
					"start":	3.000994,
					"end":	4.000993,
					"seconds":	0.99999898672103882,
					"bytes":	285212672,
					"bits_per_second":	2281703688.0023427,
					"retransmits":	0,
					"snd_cwnd":	8339032,
					"snd_wnd":	4669056,
					"rtt":	11918,
					"rttvar":	307,
					"pmtu":	1500,
					"omitted":	false,
					"sender":	true
				}, {
					"socket":	7,
					"start":	3.000997,
					"end":	4.000994,
					"seconds":	0.99999701976776123,
					"bytes":	299630592,
					"bits_per_second":	2397051879.77129,
					"retransmits":	0,
					"snd_cwnd":	6827320,
					"snd_wnd":	4669056,
					"rtt":	11872,
					"rttvar":	292,
					"pmtu":	1500,
					"omitted":	false,
					"sender":	true
				}, {
					"socket":	9,
					"start":	3.000998,
					"end":	4.000995,
					"seconds":	0.99999701976776123,
					"bytes":	314441728,
					"bits_per_second":	2515541320.8973427,
					"retransmits":	0,
					"snd_cwnd":	8272424,
					"snd_wnd":	4669056,
					"rtt":	11638,
					"rttvar":	285,
					"pmtu":	1500,
					"omitted":	false,
					"sender":	true
				}, {
					"socket":	11,
					"start":	3.000999,
					"end":	4.000999,
					"seconds":	1,
					"bytes":	296091648,
					"bits_per_second":	2368733184,
					"retransmits":	0,
					"snd_cwnd":	8272424,
					"snd_wnd":	4669056,
					"rtt":	11785,
					"rttvar":	282,
					"pmtu":	1500,
					"omitted":	false,
					"sender":	true
				}],
			"sum":	{
				"start":	3.000994,
				"end":	4.000993,
				"seconds":	0.99999898672103882,
				"bytes":	1195376640,
				"bits_per_second":	9563022810.00982,
				"retransmits":	0,
				"omitted":	false,
				"sender":	true
			}
		}, {
			"streams":	[{
					"socket":	5,
					"start":	4.000993,
					"end":	5.000835,
					"seconds":	0.99984198808670044,
					"bytes":	290979840,
					"bits_per_second":	2328206604.3801146,
					"retransmits":	0,
					"snd_cwnd":	8339032,
					"snd_wnd":	4669056,
					"rtt":	11208,
					"rttvar":	309,
					"pmtu":	1500,
					"omitted":	false,
					"sender":	true
				}, {
					"socket":	7,
					"start":	4.000994,
					"end":	5.000838,
					"seconds":	0.9998440146446228,
					"bytes":	299368448,
					"bits_per_second":	2395321219.0315933,
					"retransmits":	0,
					"snd_cwnd":	6827320,
					"snd_wnd":	4669056,
					"rtt":	11312,
					"rttvar":	309,
					"pmtu":	1500,
					"omitted":	false,
					"sender":	true
				}, {
					"socket":	9,
					"start":	4.000995,
					"end":	5.000839,
					"seconds":	0.9998440146446228,
					"bytes":	311951360,
					"bits_per_second":	2496000219.4812574,
					"retransmits":	0,
					"snd_cwnd":	8272424,
					"snd_wnd":	4669056,
					"rtt":	11350,
					"rttvar":	297,
					"pmtu":	1500,
					"omitted":	false,
					"sender":	true
				}, {
					"socket":	11,
					"start":	4.000999,
					"end":	5.000839,
					"seconds":	0.999840021133423,
					"bytes":	292290560,
					"bits_per_second":	2338698622.35487,
					"retransmits":	0,
					"snd_cwnd":	8272424,
					"snd_wnd":	4669056,
					"rtt":	10944,
					"rttvar":	124,
					"pmtu":	1500,
					"omitted":	false,
					"sender":	true
				}],
			"sum":	{
				"start":	4.000993,
				"end":	5.000835,
				"seconds":	0.99984198808670044,
				"bytes":	1194590208,
				"bits_per_second":	9558231978.52269,
				"retransmits":	0,
				"omitted":	false,
				"sender":	true
			}
		}],
	"end":	{
		"streams":	[{
				"sender":	{
					"socket":	5,
					"start":	0,
					"end":	5.000835,
					"seconds":	5.000835,
					"bytes":	1415446528,
					"bits_per_second":	2264336300.6377935,
					"retransmits":	0,
					"max_snd_cwnd":	8339032,
					"max_snd_wnd":	4669056,
					"max_rtt":	11960,
					"min_rtt":	11208,
					"mean_rtt":	11745,
					"sender":	true
				},
				"receiver":	{
					"socket":	5,
					"start":	0,
					"end":	5.011558,
					"seconds":	5.000835,
					"bytes":	1415446528,
					"bits_per_second":	2259491404.4694285,
					"sender":	true
				}
			}, {
				"sender":	{
					"socket":	7,
					"start":	0,
					"end":	5.000835,
					"seconds":	5.000835,
					"bytes":	1475215360,
					"bits_per_second":	2359950464.2724662,
					"retransmits":	0,
					"max_snd_cwnd":	6827320,
					"max_snd_wnd":	4669056,
					"max_rtt":	11872,
					"min_rtt":	11312,
					"mean_rtt":	11681,
					"sender":	true
				},
				"receiver":	{
					"socket":	7,
					"start":	0,
					"end":	5.011558,
					"seconds":	5.000835,
					"bytes":	1475215360,
					"bits_per_second":	2354900986.8787313,
					"sender":	true
				}
			}, {
				"sender":	{
					"socket":	9,
					"start":	0,
					"end":	5.000835,
					"seconds":	5.000835,
					"bytes":	1553465344,
					"bits_per_second":	2485129533.76786,
					"retransmits":	0,
					"max_snd_cwnd":	8272424,
					"max_snd_wnd":	4669056,
					"max_rtt":	11639,
					"min_rtt":	11347,
					"mean_rtt":	11513,
					"sender":	true
				},
				"receiver":	{
					"socket":	9,
					"start":	0,
					"end":	5.011558,
					"seconds":	5.000835,
					"bytes":	1553465344,
					"bits_per_second":	2479812216.4803839,
					"sender":	true
				}
			}, {
				"sender":	{
					"socket":	11,
					"start":	0,
					"end":	5.000835,
					"seconds":	5.000835,
					"bytes":	1455685632,
					"bits_per_second":	2328708116.94447,
					"retransmits":	0,
					"max_snd_cwnd":	8272424,
					"max_snd_wnd":	4669056,
					"max_rtt":	11854,
					"min_rtt":	10944,
					"mean_rtt":	11607,
					"sender":	true
				},
				"receiver":	{
					"socket":	11,
					"start":	0,
					"end":	5.011558,
					"seconds":	5.000835,
					"bytes":	1455685632,
					"bits_per_second":	2323725487.3634109,
					"sender":	true
				}
			}],
		"sum_sent":	{
			"start":	0,
			"end":	5.000835,
			"seconds":	5.000835,
			"bytes":	5899812864,
			"bits_per_second":	9438124415.62259,
			"retransmits":	0,
			"sender":	true
		},
		"sum_received":	{
			"start":	0,
			"end":	5.011558,
			"seconds":	5.011558,
			"bytes":	5899812864,
			"bits_per_second":	9417930095.1919537,
			"sender":	true
		},
		"cpu_utilization_percent":	{
			"host_total":	17.984304923453532,
			"host_user":	0.060755389379555789,
			"host_system":	17.923549534073977,
			"remote_total":	16.450014406680229,
			"remote_user":	0.703313376822086,
			"remote_system":	15.746701029858142
		},
		"sender_tcp_congestion":	"cubic",
		"receiver_tcp_congestion":	"cubic"
	}
}
