PING 10.205.0.2 (10.205.0.2) 56(84) bytes of data.
64 bytes from 10.205.0.2: icmp_seq=1 ttl=64 time=10.0 ms
64 bytes from 10.205.0.2: icmp_seq=2 ttl=64 time=10.0 ms
64 bytes from 10.205.0.2: icmp_seq=3 ttl=64 time=10.0 ms
64 bytes from 10.205.0.2: icmp_seq=4 ttl=64 time=10.0 ms
64 bytes from 10.205.0.2: icmp_seq=5 ttl=64 time=10.0 ms

--- 10.205.0.2 ping statistics ---
5 packets transmitted, 5 received, 0% packet loss, time 4003ms
rtt min/avg/max/mdev = 10.007/10.012/10.023/0.006 ms
{
	"start":	{
		"connected":	[{
				"socket":	5,
				"local_host":	"10.205.0.1",
				"local_port":	47320,
				"remote_host":	"10.205.0.2",
				"remote_port":	5201
			}, {
				"socket":	7,
				"local_host":	"10.205.0.1",
				"local_port":	47330,
				"remote_host":	"10.205.0.2",
				"remote_port":	5201
			}, {
				"socket":	9,
				"local_host":	"10.205.0.1",
				"local_port":	47340,
				"remote_host":	"10.205.0.2",
				"remote_port":	5201
			}, {
				"socket":	11,
				"local_host":	"10.205.0.1",
				"local_port":	47344,
				"remote_host":	"10.205.0.2",
				"remote_port":	5201
			}],
		"version":	"iperf 3.16",
		"system_info":	"Linux iZmj7i97rxofcdy61gtorrZ 6.8.0-111-generic #111-Ubuntu SMP PREEMPT_DYNAMIC Sat Apr 11 23:16:02 UTC 2026 x86_64",
		"timestamp":	{
			"time":	"Sat, 05 Sep 2026 07:12:02 GMT",
			"timesecs":	1788592322
		},
		"connecting_to":	{
			"host":	"10.205.0.2",
			"port":	5201
		},
		"cookie":	"plazudyneneiusibjh3by3t6wfianrv27djb",
		"tcp_mss_default":	1448,
		"target_bitrate":	0,
		"fq_rate":	0,
		"sock_bufsize":	0,
		"sndbuf_actual":	16384,
		"rcvbuf_actual":	131072,
		"test_start":	{
			"protocol":	"TCP",
			"num_streams":	4,
			"blksize":	131072,
			"omit":	0,
			"duration":	5,
			"bytes":	0,
			"blocks":	0,
			"reverse":	0,
			"tos":	0,
			"target_bitrate":	0,
			"bidir":	0,
			"fqrate":	0
		}
	},
	"intervals":	[{
			"streams":	[{
					"socket":	5,
					"start":	0,
					"end":	1.000779,
					"seconds":	1.0007790327072144,
					"bytes":	279445504,
					"bits_per_second":	2233823810.1897082,
					"retransmits":	0,
					"snd_cwnd":	8601120,
					"snd_wnd":	4669056,
					"rtt":	11763,
					"rttvar":	298,
					"pmtu":	1500,
					"omitted":	false,
					"sender":	true
				}, {
					"socket":	7,
					"start":	0,
					"end":	1.000782,
					"seconds":	1.0007820129394531,
					"bytes":	274726912,
					"bits_per_second":	2196097919.0110273,
					"retransmits":	0,
					"snd_cwnd":	6633288,
					"snd_wnd":	4669056,
					"rtt":	11745,
					"rttvar":	301,
					"pmtu":	1500,
					"omitted":	false,
					"sender":	true
				}, {
					"socket":	9,
					"start":	0,
					"end":	1.000784,
					"seconds":	1.0007840394973755,
					"bytes":	296878080,
					"bits_per_second":	2373163985.7014608,
					"retransmits":	0,
					"snd_cwnd":	8336136,
					"snd_wnd":	4669056,
					"rtt":	11518,
					"rttvar":	279,
					"pmtu":	1500,
					"omitted":	false,
					"sender":	true
				}, {
					"socket":	11,
					"start":	0,
					"end":	1.000793,
					"seconds":	1.0007929801940918,
					"bytes":	267517952,
					"bits_per_second":	2138447869.1936316,
					"retransmits":	0,
					"snd_cwnd":	8272424,
					"snd_wnd":	4669056,
					"rtt":	11528,
					"rttvar":	197,
					"pmtu":	1500,
					"omitted":	false,
					"sender":	true
				}],
			"sum":	{
				"start":	0,
				"end":	1.000779,
				"seconds":	1.0007790327072144,
				"bytes":	1118568448,
				"bits_per_second":	8941581799.3240948,
				"retransmits":	0,
				"omitted":	false,
				"sender":	true
			}
		}, {
			"streams":	[{
					"socket":	5,
					"start":	1.000779,
					"end":	2.000707,
					"seconds":	0.99992799758911133,
					"bytes":	297795584,
					"bits_per_second":	2382536220.3518949,
					"retransmits":	0,
					"snd_cwnd":	8601120,
					"snd_wnd":	4669056,
					"rtt":	11755,
					"rttvar":	278,
					"pmtu":	1500,
					"omitted":	false,
					"sender":	true
				}, {
					"socket":	7,
					"start":	1.000782,
					"end":	2.000709,
					"seconds":	0.99992698431015,
					"bytes":	292945920,
					"bits_per_second":	2343738489.682652,
					"retransmits":	0,
					"snd_cwnd":	6633288,
					"snd_wnd":	4669056,
					"rtt":	11872,
					"rttvar":	303,
					"pmtu":	1500,
					"omitted":	false,
					"sender":	true
				}, {
					"socket":	9,
					"start":	1.000784,
					"end":	2.00071,
					"seconds":	0.999925971031189,
					"bytes":	317718528,
					"bits_per_second":	2541936400.9305439,
					"retransmits":	0,
					"snd_cwnd":	8336136,
					"snd_wnd":	4669056,
					"rtt":	11503,
					"rttvar":	283,
					"pmtu":	1500,
					"omitted":	false,
					"sender":	true
				}, {
					"socket":	11,
					"start":	1.000793,
					"end":	2.000711,
					"seconds":	0.999917984008789,
					"bytes":	285868032,
					"bits_per_second":	2287131837.3846731,
					"retransmits":	0,
					"snd_cwnd":	8272424,
					"snd_wnd":	4669056,
					"rtt":	11860,
					"rttvar":	306,
					"pmtu":	1500,
					"omitted":	false,
					"sender":	true
				}],
			"sum":	{
				"start":	1.000779,
				"end":	2.000707,
				"seconds":	0.99992799758911133,
				"bytes":	1194328064,
				"bits_per_second":	9555312517.53806,
				"retransmits":	0,
				"omitted":	false,
				"sender":	true
			}
		}, {
			"streams":	[{
					"socket":	5,
					"start":	2.000707,
					"end":	3.000748,
					"seconds":	1.0000410079956055,
					"bytes":	295698432,
					"bits_per_second":	2365490451.97794,
					"retransmits":	0,
					"snd_cwnd":	8601120,
					"snd_wnd":	4669056,
					"rtt":	11744,
					"rttvar":	298,
					"pmtu":	1500,
					"omitted":	false,
					"sender":	true
				}, {
					"socket":	7,
					"start":	2.000709,
					"end":	3.000749,
					"seconds":	1.0000400543212891,
					"bytes":	292290560,
					"bits_per_second":	2338230823.7513375,
					"retransmits":	0,
					"snd_cwnd":	6633288,
					"snd_wnd":	4669056,
					"rtt":	11880,
					"rttvar":	298,
					"pmtu":	1500,
					"omitted":	false,
					"sender":	true
				}, {
					"socket":	9,
					"start":	2.00071,
					"end":	3.00075,
					"seconds":	1.0000400543212891,
					"bytes":	319291392,
					"bits_per_second":	2554228828.0978737,
					"retransmits":	0,
					"snd_cwnd":	8336136,
					"snd_wnd":	4669056,
					"rtt":	11392,
					"rttvar":	225,
					"pmtu":	1500,
					"omitted":	false,
					"sender":	true
				}, {
					"socket":	11,
					"start":	2.000711,
					"end":	3.00084,
					"seconds":	1.0001289844512939,
					"bytes":	288620544,
					"bits_per_second":	2308666569.90926,
					"retransmits":	0,
					"snd_cwnd":	8272424,
					"snd_wnd":	4669056,
					"rtt":	11946,
					"rttvar":	310,
					"pmtu":	1500,
					"omitted":	false,
					"sender":	true
				}],
			"sum":	{
				"start":	2.000707,
				"end":	3.000748,
				"seconds":	1.0000410079956055,
				"bytes":	1195900928,
				"bits_per_second":	9566815108.08809,
				"retransmits":	0,
				"omitted":	false,
				"sender":	true
			}
		}, {
			"streams":	[{
					"socket":	5,
					"start":	3.000748,
					"end":	4.000707,
					"seconds":	0.99995899200439453,
					"bytes":	298319872,
					"bits_per_second":	2386656848.013535,
					"retransmits":	0,
					"snd_cwnd":	8601120,
					"snd_wnd":	4669056,
					"rtt":	11569,
					"rttvar":	293,
					"pmtu":	1500,
					"omitted":	false,
					"sender":	true
				}, {
					"socket":	7,
					"start":	3.000749,
					"end":	4.000709,
					"seconds":	0.99996000528335571,
					"bytes":	292814848,
					"bits_per_second":	2342612476.12219,
					"retransmits":	0,
					"snd_cwnd":	6633288,
					"snd_wnd":	4669056,
					"rtt":	11690,
					"rttvar":	302,
					"pmtu":	1500,
					"omitted":	false,
					"sender":	true
				}, {
					"socket":	9,
					"start":	3.00075,
					"end":	4.000709,
					"seconds":	0.99995899200439453,
					"bytes":	317194240,
					"bits_per_second":	2537657984.267467,
					"retransmits":	0,
					"snd_cwnd":	8336136,
					"snd_wnd":	4669056,
					"rtt":	11044,
					"rttvar":	326,
					"pmtu":	1500,
					"omitted":	false,
					"sender":	true
				}, {
					"socket":	11,
					"start":	3.00084,
					"end":	4.000713,
					"seconds":	0.99987298250198364,
					"bytes":	286130176,
					"bits_per_second":	2289332193.2473145,
					"retransmits":	0,
					"snd_cwnd":	8272424,
					"snd_wnd":	4669056,
					"rtt":	11749,
					"rttvar":	301,
					"pmtu":	1500,
					"omitted":	false,
					"sender":	true
				}],
			"sum":	{
				"start":	3.000748,
				"end":	4.000707,
				"seconds":	0.99995899200439453,
				"bytes":	1194459136,
				"bits_per_second":	9556064963.07001,
				"retransmits":	0,
				"omitted":	false,
				"sender":	true
			}
		}, {
			"streams":	[{
					"socket":	5,
					"start":	4.000707,
					"end":	5.001138,
					"seconds":	1.0004309415817261,
					"bytes":	298582016,
					"bits_per_second":	2387627200.1577916,
					"retransmits":	0,
					"snd_cwnd":	8601120,
					"snd_wnd":	4669056,
					"rtt":	11694,
					"rttvar":	288,
					"pmtu":	1500,
					"omitted":	false,
					"sender":	true
				}, {
					"socket":	7,
					"start":	4.000709,
					"end":	5.00114,
					"seconds":	1.0004309415817261,
					"bytes":	292290560,
					"bits_per_second":	2337317232.8146954,
					"retransmits":	0,
					"snd_cwnd":	6633288,
					"snd_wnd":	4669056,
					"rtt":	11748,
					"rttvar":	291,
					"pmtu":	1500,
					"omitted":	false,
					"sender":	true
				}, {
					"socket":	9,
					"start":	4.000709,
					"end":	5.00114,
					"seconds":	1.0004309415817261,
					"bytes":	320339968,
					"bits_per_second":	2561615837.2193341,
					"retransmits":	0,
					"snd_cwnd":	8336136,
					"snd_wnd":	4669056,
					"rtt":	11457,
					"rttvar":	276,
					"pmtu":	1500,
					"omitted":	false,
					"sender":	true
				}, {
					"socket":	11,
					"start":	4.000713,
					"end":	5.001141,
					"seconds":	1.0004279613494873,
					"bytes":	285081600,
					"bits_per_second":	2279677186.2749662,
					"retransmits":	0,
					"snd_cwnd":	8272424,
					"snd_wnd":	4669056,
					"rtt":	11503,
					"rttvar":	365,
					"pmtu":	1500,
					"omitted":	false,
					"sender":	true
				}],
			"sum":	{
				"start":	4.000707,
				"end":	5.001138,
				"seconds":	1.0004309415817261,
				"bytes":	1196294144,
				"bits_per_second":	9566230665.4258842,
				"retransmits":	0,
				"omitted":	false,
				"sender":	true
			}
		}],
	"end":	{
		"streams":	[{
				"sender":	{
					"socket":	5,
					"start":	0,
					"end":	5.001138,
					"seconds":	5.001138,
					"bytes":	1469841408,
					"bits_per_second":	2351211117.1497369,
					"retransmits":	0,
					"max_snd_cwnd":	8601120,
					"max_snd_wnd":	4669056,
					"max_rtt":	11763,
					"min_rtt":	11569,
					"mean_rtt":	11705,
					"sender":	true
				},
				"receiver":	{
					"socket":	5,
					"start":	0,
					"end":	5.012515,
					"seconds":	5.001138,
					"bytes":	1469841408,
					"bits_per_second":	2345874528.8542781,
					"sender":	true
				}
			}, {
				"sender":	{
					"socket":	7,
					"start":	0,
					"end":	5.001138,
					"seconds":	5.001138,
					"bytes":	1445068800,
					"bits_per_second":	2311583963.48991,
					"retransmits":	0,
					"max_snd_cwnd":	6633288,
					"max_snd_wnd":	4669056,
					"max_rtt":	11880,
					"min_rtt":	11690,
					"mean_rtt":	11787,
					"sender":	true
				},
				"receiver":	{
					"socket":	7,
					"start":	0,
					"end":	5.012515,
					"seconds":	5.001138,
					"bytes":	1445068800,
					"bits_per_second":	2306337317.6938124,
					"sender":	true
				}
			}, {
				"sender":	{
					"socket":	9,
					"start":	0,
					"end":	5.001138,
					"seconds":	5.001138,
					"bytes":	1571684352,
					"bits_per_second":	2514122748.862359,
					"retransmits":	0,
					"max_snd_cwnd":	8336136,
					"max_snd_wnd":	4669056,
					"max_rtt":	11518,
					"min_rtt":	11044,
					"mean_rtt":	11382,
					"sender":	true
				},
				"receiver":	{
					"socket":	9,
					"start":	0,
					"end":	5.012515,
					"seconds":	5.001138,
					"bytes":	1571684352,
					"bits_per_second":	2508416396.9584131,
					"sender":	true
				}
			}, {
				"sender":	{
					"socket":	11,
					"start":	0,
					"end":	5.001138,
					"seconds":	5.001138,
					"bytes":	1414135808,
					"bits_per_second":	2262102438.2850461,
					"retransmits":	0,
					"max_snd_cwnd":	8272424,
					"max_snd_wnd":	4669056,
					"max_rtt":	11946,
					"min_rtt":	11503,
					"mean_rtt":	11717,
					"sender":	true
				},
				"receiver":	{
					"socket":	11,
					"start":	0,
					"end":	5.012515,
					"seconds":	5.001138,
					"bytes":	1414135808,
					"bits_per_second":	2256968101.6415911,
					"sender":	true
				}
			}],
		"sum_sent":	{
			"start":	0,
			"end":	5.001138,
			"seconds":	5.001138,
			"bytes":	5900730368,
			"bits_per_second":	9439020267.78705,
			"retransmits":	0,
			"sender":	true
		},
		"sum_received":	{
			"start":	0,
			"end":	5.012515,
			"seconds":	5.012515,
			"bytes":	5900730368,
			"bits_per_second":	9417596345.1480942,
			"sender":	true
		},
		"cpu_utilization_percent":	{
			"host_total":	17.874986251026492,
			"host_user":	0.34140820239119779,
			"host_system":	17.533578048635292,
			"remote_total":	16.117159409406963,
			"remote_user":	1.0287438197266405,
			"remote_system":	15.088415589680324
		},
		"sender_tcp_congestion":	"cubic",
		"receiver_tcp_congestion":	"cubic"
	}
}
