PING 10.205.0.2 (10.205.0.2) 56(84) bytes of data.
64 bytes from 10.205.0.2: icmp_seq=1 ttl=64 time=10.0 ms
64 bytes from 10.205.0.2: icmp_seq=2 ttl=64 time=10.0 ms
64 bytes from 10.205.0.2: icmp_seq=3 ttl=64 time=10.0 ms
64 bytes from 10.205.0.2: icmp_seq=4 ttl=64 time=10.0 ms
64 bytes from 10.205.0.2: icmp_seq=5 ttl=64 time=10.0 ms

--- 10.205.0.2 ping statistics ---
5 packets transmitted, 5 received, 0% packet loss, time 4003ms
rtt min/avg/max/mdev = 10.010/10.018/10.030/0.007 ms
{
	"start":	{
		"connected":	[{
				"socket":	5,
				"local_host":	"10.205.0.1",
				"local_port":	51430,
				"remote_host":	"10.205.0.2",
				"remote_port":	5201
			}, {
				"socket":	7,
				"local_host":	"10.205.0.1",
				"local_port":	51432,
				"remote_host":	"10.205.0.2",
				"remote_port":	5201
			}, {
				"socket":	9,
				"local_host":	"10.205.0.1",
				"local_port":	51434,
				"remote_host":	"10.205.0.2",
				"remote_port":	5201
			}, {
				"socket":	11,
				"local_host":	"10.205.0.1",
				"local_port":	51446,
				"remote_host":	"10.205.0.2",
				"remote_port":	5201
			}],
		"version":	"iperf 3.16",
		"system_info":	"Linux iZmj7i97rxofcdy61gtorrZ 6.8.0-111-generic #111-Ubuntu SMP PREEMPT_DYNAMIC Sat Apr 11 23:16:02 UTC 2026 x86_64",
		"timestamp":	{
			"time":	"Sat, 05 Sep 2026 05:13:03 GMT",
			"timesecs":	1788585183
		},
		"connecting_to":	{
			"host":	"10.205.0.2",
			"port":	5201
		},
		"cookie":	"ck22qjfmfdssecbkicc4c4l3ydvpdkebrtsf",
		"tcp_mss_default":	1448,
		"target_bitrate":	0,
		"fq_rate":	0,
		"sock_bufsize":	0,
		"sndbuf_actual":	16384,
		"rcvbuf_actual":	131072,
		"test_start":	{
			"protocol":	"TCP",
			"num_streams":	4,
			"blksize":	131072,
			"omit":	0,
			"duration":	5,
			"bytes":	0,
			"blocks":	0,
			"reverse":	0,
			"tos":	0,
			"target_bitrate":	0,
			"bidir":	0,
			"fqrate":	0
		}
	},
	"intervals":	[{
			"streams":	[{
					"socket":	5,
					"start":	0,
					"end":	1.000988,
					"seconds":	1.0009880065917969,
					"bytes":	279052288,
					"bits_per_second":	2230214837.0398812,
					"retransmits":	0,
					"snd_cwnd":	8302832,
					"snd_wnd":	4669056,
					"rtt":	11364,
					"rttvar":	308,
					"pmtu":	1500,
					"omitted":	false,
					"sender":	true
				}, {
					"socket":	7,
					"start":	0,
					"end":	1.000991,
					"seconds":	1.0009909868240356,
					"bytes":	280363008,
					"bits_per_second":	2240683576.0992527,
					"retransmits":	0,
					"snd_cwnd":	6585504,
					"snd_wnd":	4669056,
					"rtt":	11359,
					"rttvar":	303,
					"pmtu":	1500,
					"omitted":	false,
					"sender":	true
				}, {
					"socket":	9,
					"start":	0,
					"end":	1.000992,
					"seconds":	1.0009919404983521,
					"bytes":	280756224,
					"bits_per_second":	2243824052.0515938,
					"retransmits":	0,
					"snd_cwnd":	5395248,
					"snd_wnd":	4669056,
					"rtt":	11037,
					"rttvar":	177,
					"pmtu":	1500,
					"omitted":	false,
					"sender":	true
				}, {
					"socket":	11,
					"start":	0,
					"end":	1.001003,
					"seconds":	1.00100302696228,
					"bytes":	278265856,
					"bits_per_second":	2223896220.1298966,
					"retransmits":	0,
					"snd_cwnd":	8272424,
					"snd_wnd":	4669056,
					"rtt":	11351,
					"rttvar":	298,
					"pmtu":	1500,
					"omitted":	false,
					"sender":	true
				}],
			"sum":	{
				"start":	0,
				"end":	1.000988,
				"seconds":	1.0009880065917969,
				"bytes":	1118437376,
				"bits_per_second":	8938667545.5431232,
				"retransmits":	0,
				"omitted":	false,
				"sender":	true
			}
		}, {
			"streams":	[{
					"socket":	5,
					"start":	1.000988,
					"end":	2.000454,
					"seconds":	0.99946600198745728,
					"bytes":	298188800,
					"bits_per_second":	2386784938.41348,
					"retransmits":	0,
					"snd_cwnd":	8302832,
					"snd_wnd":	4669056,
					"rtt":	11410,
					"rttvar":	306,
					"pmtu":	1500,
					"omitted":	false,
					"sender":	true
				}, {
					"socket":	7,
					"start":	1.000991,
					"end":	2.000457,
					"seconds":	0.99946600198745728,
					"bytes":	299237376,
					"bits_per_second":	2395178028.3068018,
					"retransmits":	0,
					"snd_cwnd":	6585504,
					"snd_wnd":	4669056,
					"rtt":	11403,
					"rttvar":	304,
					"pmtu":	1500,
					"omitted":	false,
					"sender":	true
				}, {
					"socket":	9,
					"start":	1.000992,
					"end":	2.000459,
					"seconds":	0.99946701526641846,
					"bytes":	296615936,
					"bits_per_second":	2374192896.5684485,
					"retransmits":	0,
					"snd_cwnd":	5395248,
					"snd_wnd":	4669056,
					"rtt":	11416,
					"rttvar":	302,
					"pmtu":	1500,
					"omitted":	false,
					"sender":	true
				}, {
					"socket":	11,
					"start":	1.001003,
					"end":	2.00046,
					"seconds":	0.99945700168609619,
					"bytes":	300417024,
					"bits_per_second":	2404641908.5018587,
					"retransmits":	0,
					"snd_cwnd":	8272424,
					"snd_wnd":	4669056,
					"rtt":	10928,
					"rttvar":	121,
					"pmtu":	1500,
					"omitted":	false,
					"sender":	true
				}],
			"sum":	{
				"start":	1.000988,
				"end":	2.000454,
				"seconds":	0.99946600198745728,
				"bytes":	1194459136,
				"bits_per_second":	9560778524.73057,
				"retransmits":	0,
				"omitted":	false,
				"sender":	true
			}
		}, {
			"streams":	[{
					"socket":	5,
					"start":	2.000454,
					"end":	3.000444,
					"seconds":	0.99998998641967773,
					"bytes":	297664512,
					"bits_per_second":	2381339941.7387815,
					"retransmits":	0,
					"snd_cwnd":	8302832,
					"snd_wnd":	4669056,
					"rtt":	11413,
					"rttvar":	309,
					"pmtu":	1500,
					"omitted":	false,
					"sender":	true
				}, {
					"socket":	7,
					"start":	2.000457,
					"end":	3.000445,
					"seconds":	0.9999880194664,
					"bytes":	298450944,
					"bits_per_second":	2387636157.1552052,
					"retransmits":	0,
					"snd_cwnd":	6585504,
					"snd_wnd":	4669056,
					"rtt":	11422,
					"rttvar":	309,
					"pmtu":	1500,
					"omitted":	false,
					"sender":	true
				}, {
					"socket":	9,
					"start":	2.000459,
					"end":	3.000447,
					"seconds":	0.9999880194664,
					"bytes":	298975232,
					"bits_per_second":	2391830511.405807,
					"retransmits":	0,
					"snd_cwnd":	5395248,
					"snd_wnd":	4669056,
					"rtt":	11430,
					"rttvar":	300,
					"pmtu":	1500,
					"omitted":	false,
					"sender":	true
				}, {
					"socket":	11,
					"start":	2.00046,
					"end":	3.000448,
					"seconds":	0.9999880194664,
					"bytes":	299106304,
					"bits_per_second":	2392879099.9684577,
					"retransmits":	0,
					"snd_cwnd":	8272424,
					"snd_wnd":	4669056,
					"rtt":	11015,
					"rttvar":	334,
					"pmtu":	1500,
					"omitted":	false,
					"sender":	true
				}],
			"sum":	{
				"start":	2.000454,
				"end":	3.000444,
				"seconds":	0.99998998641967773,
				"bytes":	1194196992,
				"bits_per_second":	9553671602.4579639,
				"retransmits":	0,
				"omitted":	false,
				"sender":	true
			}
		}, {
			"streams":	[{
					"socket":	5,
					"start":	3.000444,
					"end":	4.000445,
					"seconds":	1.0000009536743164,
					"bytes":	297664512,
					"bits_per_second":	2381313825.0021658,
					"retransmits":	0,
					"snd_cwnd":	8302832,
					"snd_wnd":	4669056,
					"rtt":	11364,
					"rttvar":	299,
					"pmtu":	1500,
					"omitted":	false,
					"sender":	true
				}, {
					"socket":	7,
					"start":	3.000445,
					"end":	4.000446,
					"seconds":	1.0000009536743164,
					"bytes":	298188800,
					"bits_per_second":	2385508125.00217,
					"retransmits":	0,
					"snd_cwnd":	6585504,
					"snd_wnd":	4669056,
					"rtt":	11358,
					"rttvar":	306,
					"pmtu":	1500,
					"omitted":	false,
					"sender":	true
				}, {
					"socket":	9,
					"start":	3.000447,
					"end":	4.000447,
					"seconds":	1,
					"bytes":	298975232,
					"bits_per_second":	2391801856,
					"retransmits":	0,
					"snd_cwnd":	5395248,
					"snd_wnd":	4669056,
					"rtt":	11363,
					"rttvar":	302,
					"pmtu":	1500,
					"omitted":	false,
					"sender":	true
				}, {
					"socket":	11,
					"start":	3.000448,
					"end":	4.000453,
					"seconds":	1.0000050067901611,
					"bytes":	300810240,
					"bits_per_second":	2406469871.3103251,
					"retransmits":	0,
					"snd_cwnd":	8272424,
					"snd_wnd":	4716928,
					"rtt":	11087,
					"rttvar":	337,
					"pmtu":	1500,
					"omitted":	false,
					"sender":	true
				}],
			"sum":	{
				"start":	3.000444,
				"end":	4.000445,
				"seconds":	1.0000009536743164,
				"bytes":	1195638784,
				"bits_per_second":	9565101150.0087,
				"retransmits":	0,
				"omitted":	false,
				"sender":	true
			}
		}, {
			"streams":	[{
					"socket":	5,
					"start":	4.000445,
					"end":	5.000979,
					"seconds":	1.0005340576171875,
					"bytes":	298975232,
					"bits_per_second":	2390525177.8197069,
					"retransmits":	0,
					"snd_cwnd":	8302832,
					"snd_wnd":	4669056,
					"rtt":	11454,
					"rttvar":	303,
					"pmtu":	1500,
					"omitted":	false,
					"sender":	true
				}, {
					"socket":	7,
					"start":	4.000446,
					"end":	5.000982,
					"seconds":	1.00053596496582,
					"bytes":	298188800,
					"bits_per_second":	2384232534.89093,
					"retransmits":	0,
					"snd_cwnd":	6585504,
					"snd_wnd":	4669056,
					"rtt":	11086,
					"rttvar":	149,
					"pmtu":	1500,
					"omitted":	false,
					"sender":	true
				}, {
					"socket":	9,
					"start":	4.000447,
					"end":	5.000983,
					"seconds":	1.00053596496582,
					"bytes":	297664512,
					"bits_per_second":	2380040477.6867256,
					"retransmits":	0,
					"snd_cwnd":	5395248,
					"snd_wnd":	4669056,
					"rtt":	11492,
					"rttvar":	300,
					"pmtu":	1500,
					"omitted":	false,
					"sender":	true
				}, {
					"socket":	11,
					"start":	4.000453,
					"end":	5.000984,
					"seconds":	1.0005309581756592,
					"bytes":	301465600,
					"bits_per_second":	2410444954.5444083,
					"retransmits":	0,
					"snd_cwnd":	8272424,
					"snd_wnd":	4669056,
					"rtt":	11374,
					"rttvar":	302,
					"pmtu":	1500,
					"omitted":	false,
					"sender":	true
				}],
			"sum":	{
				"start":	4.000445,
				"end":	5.000979,
				"seconds":	1.0005340576171875,
				"bytes":	1196294144,
				"bits_per_second":	9565244760.1755657,
				"retransmits":	0,
				"omitted":	false,
				"sender":	true
			}
		}],
	"end":	{
		"streams":	[{
				"sender":	{
					"socket":	5,
					"start":	0,
					"end":	5.000979,
					"seconds":	5.000979,
					"bytes":	1471545344,
					"bits_per_second":	2354011634.9218822,
					"retransmits":	0,
					"max_snd_cwnd":	8302832,
					"max_snd_wnd":	4669056,
					"max_rtt":	11454,
					"min_rtt":	11364,
					"mean_rtt":	11401,
					"sender":	true
				},
				"receiver":	{
					"socket":	5,
					"start":	0,
					"end":	5.01201,
					"seconds":	5.000979,
					"bytes":	1471545344,
					"bits_per_second":	2348830659.1567054,
					"sender":	true
				}
			}, {
				"sender":	{
					"socket":	7,
					"start":	0,
					"end":	5.000979,
					"seconds":	5.000979,
					"bytes":	1474428928,
					"bits_per_second":	2358624466.1295319,
					"retransmits":	0,
					"max_snd_cwnd":	6585504,
					"max_snd_wnd":	4669056,
					"max_rtt":	11422,
					"min_rtt":	11086,
					"mean_rtt":	11325,
					"sender":	true
				},
				"receiver":	{
					"socket":	7,
					"start":	0,
					"end":	5.01201,
					"seconds":	5.000979,
					"bytes":	1474428928,
					"bits_per_second":	2353433337.92231,
					"sender":	true
				}
			}, {
				"sender":	{
					"socket":	9,
					"start":	0,
					"end":	5.000979,
					"seconds":	5.000979,
					"bytes":	1472987136,
					"bits_per_second":	2356318050.5257072,
					"retransmits":	0,
					"max_snd_cwnd":	5395248,
					"max_snd_wnd":	4669056,
					"max_rtt":	11492,
					"min_rtt":	11037,
					"mean_rtt":	11347,
					"sender":	true
				},
				"receiver":	{
					"socket":	9,
					"start":	0,
					"end":	5.01201,
					"seconds":	5.000979,
					"bytes":	1472987136,
					"bits_per_second":	2351131998.5395079,
					"sender":	true
				}
			}, {
				"sender":	{
					"socket":	11,
					"start":	0,
					"end":	5.000979,
					"seconds":	5.000979,
					"bytes":	1480982528,
					"bits_per_second":	2369108173.4196444,
					"retransmits":	0,
					"max_snd_cwnd":	8272424,
					"max_snd_wnd":	4716928,
					"max_rtt":	11374,
					"min_rtt":	10928,
					"mean_rtt":	11151,
					"sender":	true
				},
				"receiver":	{
					"socket":	11,
					"start":	0,
					"end":	5.01201,
					"seconds":	5.000979,
					"bytes":	1480982528,
					"bits_per_second":	2363893971.4805036,
					"sender":	true
				}
			}],
		"sum_sent":	{
			"start":	0,
			"end":	5.000979,
			"seconds":	5.000979,
			"bytes":	5899943936,
			"bits_per_second":	9438062324.9967651,
			"retransmits":	0,
			"sender":	true
		},
		"sum_received":	{
			"start":	0,
			"end":	5.01201,
			"seconds":	5.01201,
			"bytes":	5899943936,
			"bits_per_second":	9417289967.09903,
			"sender":	true
		},
		"cpu_utilization_percent":	{
			"host_total":	13.898009667313296,
			"host_user":	0.21998943025694412,
			"host_system":	13.678020237056352,
			"remote_total":	12.869095563361244,
			"remote_user":	0.81625853075060628,
			"remote_system":	12.052856984665848
		},
		"sender_tcp_congestion":	"cubic",
		"receiver_tcp_congestion":	"cubic"
	}
}
